[22:46:00.341 T31436] [Info] SR4R Font Extend By HaoJun0823 https://www.haojun0823.xyz | https://github.com/HaoJun0823/SR4R_I18N
[22:46:00.341 T31436] [DllMain] ATTACH SR4R v1.6
[22:46:00.341 T56912] ==== SR4R_I18N v1.6: SR3R v7.5.2 ported to SR4 (Steam/GOG/EPIC/MSStore + 未知构建自解, L1/L2/L3 三层特征码) ====
[22:46:00.341 T56912] cfg: I:\SteamLibrary\steamapps\common\Saints Row IV\scripts\SR4R_I18N.ini loaded (dict_dir=dict origin_dir=origin font_file=SourceHanSansHWSC-VF.ttf charlist=charlist.txt dump=1 early=1 diag=1 sub=1 textdump=2 exe=auto)
[22:46:00.341 T56912] exe: Steam (via PE fingerprint, score=3/3) | file=sr_hv.exe TimeDateStamp=642AD908 EntryPoint=013635C4 SizeOfImage=07CF8000
[22:46:00.341 T56912] origin: folder I:\SteamLibrary\steamapps\common\Saints Row IV\scripts\origin not found (GLE=3), ID/HASH_ dict keys will be skipped
[22:46:00.341 T56912] dict: I:\SteamLibrary\steamapps\common\Saints Row IV\scripts\dict\exe_hardcoded.txt bad line: // 
[22:46:00.346 T56912] dict: I:\SteamLibrary\steamapps\common\Saints Row IV\scripts\dict\le_data_supplement.txt bad line: // Format: "English": "Chinese translation";
[22:46:00.352 T56912] dict: I:\SteamLibrary\steamapps\common\Saints Row IV\scripts\dict\voice_001.txt bad line: // Format: "English": "Chinese translation";
[22:46:00.352 T56912] dict: I:\SteamLibrary\steamapps\common\Saints Row IV\scripts\dict\voice_002.txt bad line: // Format: "English": "Chinese translation";
[22:46:00.353 T56912] dict: I:\SteamLibrary\steamapps\common\Saints Row IV\scripts\dict\voice_003.txt bad line: // Format: "English": "Chinese translation";
[22:46:00.365 T56912] dict: 20 files, 35963 lines, 38908 keys, 0 HASH_ skipped, 31077 cjk, 19 bad, arena 9375/131072 KB
[22:46:00.365 T56912] dict-selftest: 8/8 hit -> hash table OK
[22:46:00.365 T56912] charlist: I:\SteamLibrary\steamapps\common\Saints Row IV\scripts\charlist.txt merged 282 new chars (total 3296, rankPos 3278, lines 82)
[22:46:00.365 T56912] dump: I:\SteamLibrary\steamapps\common\Saints Row IV\scripts\DumpText.dtxt opened (append)
[22:46:00.373 T56912] globals: dynamic resolve OK | FontLookup=0x140BF8550 fontTab=0x146AE7060 fontCount=0x146AE504C
[22:46:00.480 T56912] hook DRAW_WIDE @00007FF64E2E36A0 installed (via aob)
[22:46:00.536 T56912] hook FORMAT @00007FF64E219A00 installed (via aob)
[22:46:00.596 T56912] hook FONT_LOOKUP @00007FF64E118550 installed (via aob)
[22:46:00.652 T56912] hook TEXOBJ @00007FF64E09AF30 installed (via aob)
[22:46:00.709 T56912] hook SRV_RESOLVE @00007FF64E34C9E0 installed (via aob)
[22:46:00.765 T56912] hook LANG_CUR @00007FF64E211980 installed (via aob)
[22:46:00.822 T56912] hook LANG_TXT @00007FF64E211960 installed (via aob)
[22:46:00.890 T56912] hook SUBTITLE @00007FF64D8F18F0 installed (via aob)
[22:46:00.890 T56912] SR4R v1.6 active: dict=38908 keys (20 files), hooks A=1 B=1 C=1 D=1 E=1 F=1 G=1 J=1, idling
[22:46:00.890 T29436] font: charset 3371 chars (dict) + extras
[22:46:00.898 T29436] font: I:\SteamLibrary\steamapps\common\Saints Row IV\scripts\SourceHanSansHWSC-VF.ttf (35415760 bytes)
[22:46:00.898 T29436] font: stbtt ok (numGlyphs=65535)
[22:46:02.256 T31436] alive: SRV_RESOLVE  (first call)
[22:46:08.199 T31436] alive: FORMAT  (first call)
[22:46:08.199 T31436] fmt#1   len=4    ra=+0xCDFB4A   [KEYLIKE] "XXXX"
[22:46:08.199 T31436] alive: FONT_LOOKUP  (first call)
[22:46:08.199 T31436] font0: upgrade requested (first CJK text)
[22:46:08.199 T31436] fmt#2   len=4    ra=+0xCDFB4A   [KEYLIKE] "XXXX"
[22:46:08.200 T31436] fmt#3   len=3    ra=+0xCDFB4A   "Tab"
[22:46:08.201 T31436] fmt#4   len=6    ra=+0xCDFA5F   "{0} ##"
[22:46:08.201 T31436] fmt#5   len=3    ra=+0xCDFB4A   "Tab"
[22:46:08.201 T31436] fmt#6   len=6    ra=+0xCDFA5F   "{0} ##"
[22:46:08.201 T31436] fmt#7   len=4    ra=+0xCDFA5F   "####"
[22:46:08.207 T31436] alive: TEXOBJ  (first call)
